#-----------------------------------------------------------
# Vivado v2016.2 (64-bit)
# SW Build 1577090 on Thu Jun  2 16:32:40 MDT 2016
# IP Build 1577682 on Fri Jun  3 12:00:54 MDT 2016
# Start of session at: Fri Nov 24 17:04:52 2023
# Process ID: 594564
# Current directory: C:/Users/flandc/OneDrive/MyFiles/@RPI/CoCO/Vivado_Projects/studio6
# Command line: vivado.exe -gui_launcher_event rodinguilauncherevent592220 C:\Users\flandc\OneDrive\MyFiles\@RPI\CoCO\Vivado_Projects\studio6\studio6.xpr
# Log file: C:/Users/flandc/OneDrive/MyFiles/@RPI/CoCO/Vivado_Projects/studio6/vivado.log
# Journal file: C:/Users/flandc/OneDrive/MyFiles/@RPI/CoCO/Vivado_Projects/studio6\vivado.jou
#-----------------------------------------------------------
start_gui
open_project C:/Users/flandc/OneDrive/MyFiles/@RPI/CoCO/Vivado_Projects/studio6/studio6.xpr
add_files -norecurse {C:/Users/flandc/OneDrive/MyFiles/@RPI/CoCO/Vivado_Projects/project_6/project_6.srcs/sources_1/new/Display_Driver3.vhd C:/Users/flandc/OneDrive/MyFiles/@RPI/CoCO/Vivado_Projects/project_6/project_6.srcs/sources_1/new/Toplevel.vhd C:/Users/flandc/OneDrive/MyFiles/@RPI/CoCO/Vivado_Projects/project_6/project_6.srcs/sources_1/new/Display_Driver4.vhd C:/Users/flandc/OneDrive/MyFiles/@RPI/CoCO/Vivado_Projects/project_6/project_6.srcs/sources_1/new/Counter_4bit.vhd C:/Users/flandc/OneDrive/MyFiles/@RPI/CoCO/Vivado_Projects/project_6/project_6.srcs/sources_1/new/clock_divider.vhd C:/Users/flandc/OneDrive/MyFiles/@RPI/CoCO/Vivado_Projects/project_6/project_6.srcs/sources_1/new/Display_Driver2.vhd C:/Users/flandc/OneDrive/MyFiles/@RPI/CoCO/Vivado_Projects/project_6/project_6.srcs/sources_1/new/Display_Driver1.vhd}
update_compile_order -fileset sources_1
update_compile_order -fileset sim_1
update_compile_order -fileset sources_1
remove_files {C:/Users/flandc/OneDrive/MyFiles/@RPI/CoCO/Vivado_Projects/project_6/project_6.srcs/sources_1/new/Display_Driver1.vhd C:/Users/flandc/OneDrive/MyFiles/@RPI/CoCO/Vivado_Projects/project_6/project_6.srcs/sources_1/new/Display_Driver2.vhd C:/Users/flandc/OneDrive/MyFiles/@RPI/CoCO/Vivado_Projects/project_6/project_6.srcs/sources_1/new/Display_Driver3.vhd C:/Users/flandc/OneDrive/MyFiles/@RPI/CoCO/Vivado_Projects/project_6/project_6.srcs/sources_1/new/Display_Driver4.vhd}
add_files -norecurse {C:/Users/flandc/OneDrive/MyFiles/@RPI/CoCO/Vivado_Projects/project_6/project_6.srcs/sources_1/new/Display_Driver3.vhd C:/Users/flandc/OneDrive/MyFiles/@RPI/CoCO/Vivado_Projects/project_6/project_6.srcs/sources_1/new/Toplevel.vhd C:/Users/flandc/OneDrive/MyFiles/@RPI/CoCO/Vivado_Projects/project_6/project_6.srcs/sources_1/new/Display_Driver4.vhd C:/Users/flandc/OneDrive/MyFiles/@RPI/CoCO/Vivado_Projects/project_6/project_6.srcs/sources_1/new/Counter_4bit.vhd C:/Users/flandc/OneDrive/MyFiles/@RPI/CoCO/Vivado_Projects/project_6/project_6.srcs/sources_1/new/clock_divider.vhd C:/Users/flandc/OneDrive/MyFiles/@RPI/CoCO/Vivado_Projects/project_6/project_6.srcs/sources_1/new/Display_Driver2.vhd C:/Users/flandc/OneDrive/MyFiles/@RPI/CoCO/Vivado_Projects/project_6/project_6.srcs/sources_1/new/Display_Driver1.vhd}
update_compile_order -fileset sources_1
update_compile_order -fileset sources_1
update_compile_order -fileset sources_1
add_files -norecurse C:/Users/flandc/OneDrive/MyFiles/@RPI/CoCO/Vivado_Projects/LEDdisplay.vhd
update_compile_order -fileset sources_1
file mkdir C:/Users/flandc/OneDrive/MyFiles/@RPI/CoCO/Vivado_Projects/studio6/studio6.srcs/constrs_1
file mkdir C:/Users/flandc/OneDrive/MyFiles/@RPI/CoCO/Vivado_Projects/studio6/studio6.srcs/constrs_1/new
close [ open C:/Users/flandc/OneDrive/MyFiles/@RPI/CoCO/Vivado_Projects/studio6/studio6.srcs/constrs_1/new/studio6_constraints.xdc w ]
add_files -fileset constrs_1 C:/Users/flandc/OneDrive/MyFiles/@RPI/CoCO/Vivado_Projects/studio6/studio6.srcs/constrs_1/new/studio6_constraints.xdc
launch_runs synth_1
wait_on_run synth_1
launch_runs impl_1
wait_on_run impl_1
reset_run synth_1
reset_run impl_1
launch_runs impl_1
wait_on_run impl_1
reset_run synth_1
reset_run impl_1
launch_runs impl_1
wait_on_run impl_1
create_project Studio_6 C:/Users/flandc/OneDrive/MyFiles/@RPI/CoCO/Vivado_Projects/Studio_6 -part xc7a35tcpg236-1
file mkdir C:/Users/flandc/OneDrive/MyFiles/@RPI/CoCO/Vivado_Projects/Studio_6/Studio_6.srcs/sources_1/new
close [ open C:/Users/flandc/OneDrive/MyFiles/@RPI/CoCO/Vivado_Projects/Studio_6/Studio_6.srcs/sources_1/new/clock_divider.vhd w ]
add_files C:/Users/flandc/OneDrive/MyFiles/@RPI/CoCO/Vivado_Projects/Studio_6/Studio_6.srcs/sources_1/new/clock_divider.vhd
close [ open C:/Users/flandc/OneDrive/MyFiles/@RPI/CoCO/Vivado_Projects/Studio_6/Studio_6.srcs/sources_1/new/Counter_4bit.vhd w ]
add_files C:/Users/flandc/OneDrive/MyFiles/@RPI/CoCO/Vivado_Projects/Studio_6/Studio_6.srcs/sources_1/new/Counter_4bit.vhd
close [ open C:/Users/flandc/OneDrive/MyFiles/@RPI/CoCO/Vivado_Projects/Studio_6/Studio_6.srcs/sources_1/new/Display_Driver3.vhd w ]
add_files C:/Users/flandc/OneDrive/MyFiles/@RPI/CoCO/Vivado_Projects/Studio_6/Studio_6.srcs/sources_1/new/Display_Driver3.vhd
close [ open C:/Users/flandc/OneDrive/MyFiles/@RPI/CoCO/Vivado_Projects/Studio_6/Studio_6.srcs/sources_1/new/LEDdisplay.vhd w ]
add_files C:/Users/flandc/OneDrive/MyFiles/@RPI/CoCO/Vivado_Projects/Studio_6/Studio_6.srcs/sources_1/new/LEDdisplay.vhd
close [ open C:/Users/flandc/OneDrive/MyFiles/@RPI/CoCO/Vivado_Projects/Studio_6/Studio_6.srcs/sources_1/new/Display_Driver4.vhd w ]
add_files C:/Users/flandc/OneDrive/MyFiles/@RPI/CoCO/Vivado_Projects/Studio_6/Studio_6.srcs/sources_1/new/Display_Driver4.vhd
close [ open C:/Users/flandc/OneDrive/MyFiles/@RPI/CoCO/Vivado_Projects/Studio_6/Studio_6.srcs/sources_1/new/Toplevel.vhd w ]
add_files C:/Users/flandc/OneDrive/MyFiles/@RPI/CoCO/Vivado_Projects/Studio_6/Studio_6.srcs/sources_1/new/Toplevel.vhd
close [ open C:/Users/flandc/OneDrive/MyFiles/@RPI/CoCO/Vivado_Projects/Studio_6/Studio_6.srcs/sources_1/new/Display_Driver2.vhd w ]
add_files C:/Users/flandc/OneDrive/MyFiles/@RPI/CoCO/Vivado_Projects/Studio_6/Studio_6.srcs/sources_1/new/Display_Driver2.vhd
close [ open C:/Users/flandc/OneDrive/MyFiles/@RPI/CoCO/Vivado_Projects/Studio_6/Studio_6.srcs/sources_1/new/Display_Driver1.vhd w ]
add_files C:/Users/flandc/OneDrive/MyFiles/@RPI/CoCO/Vivado_Projects/Studio_6/Studio_6.srcs/sources_1/new/Display_Driver1.vhd
update_compile_order -fileset sources_1
update_compile_order -fileset sim_1
current_project studio6
current_project Studio_6
current_project studio6
current_project Studio_6
update_compile_order -fileset sources_1
update_compile_order -fileset sim_1
update_compile_order -fileset sources_1
undo
current_project Studio_6
undo
current_project Studio_6
current_project studio6
current_project Studio_6
update_compile_order -fileset sources_1
current_project studio6
current_project Studio_6
update_compile_order -fileset sources_1
current_project studio6
current_project Studio_6
remove_files C:/Users/flandc/OneDrive/MyFiles/@RPI/CoCO/Vivado_Projects/Studio_6/Studio_6.srcs/sources_1/new/Display_Driver2.vhd
remove_files C:/Users/flandc/OneDrive/MyFiles/@RPI/CoCO/Vivado_Projects/Studio_6/Studio_6.srcs/sources_1/new/Display_Driver3.vhd
remove_files C:/Users/flandc/OneDrive/MyFiles/@RPI/CoCO/Vivado_Projects/Studio_6/Studio_6.srcs/sources_1/new/Display_Driver4.vhd
current_project studio6
close_project
add_files -norecurse {C:/Users/flandc/OneDrive/MyFiles/@RPI/CoCO/Vivado_Projects/Display_Driver4.vhd C:/Users/flandc/OneDrive/MyFiles/@RPI/CoCO/Vivado_Projects/Display_Driver3.vhd C:/Users/flandc/OneDrive/MyFiles/@RPI/CoCO/Vivado_Projects/Display_Driver2.vhd}
update_compile_order -fileset sources_1
